// Jest Snapshot v1, https://goo.gl/fbAQLP

exports[`PointlessThing should match snapshot 1`] = `
<div>
  <button
    className="button"
    onClick={[Function]}
  >
    Pointless boolean: 
    false
  </button>
</div>
`;
